============================= test session starts =============================
platform win32 -- Python 3.13.11, pytest-7.4.4, pluggy-1.6.0
rootdir: C:\Users\30847\Desktop\antigravity\financial-report-analyzer
plugins: anyio-4.13.0, asyncio-0.23.8
asyncio: mode=Mode.STRICT
collected 52 items / 3 errors

=================================== ERRORS ====================================
_____________________ ERROR collecting tests/test_api.py ______________________
ImportError while importing test module 'C:\Users\30847\Desktop\antigravity\financial-report-analyzer\tests\test_api.py'.
Hint: make sure your test modules/packages have valid Python names.
Traceback:
C:\ProgramData\miniconda3\Lib\importlib\__init__.py:88: in import_module
    return _bootstrap._gcd_import(name[level:], package, level)
tests\test_api.py:13: in <module>
    from src.main import app
src\main.py:7: in <module>
    import src.api.routes_workspace as routes_workspace
E   ModuleNotFoundError: No module named 'src.api.routes_workspace'
------------------------------- Captured stdout -------------------------------
[32m2026-03-30 19:57:45[0m | [33m[1mWARNING [0m | [36msrc.data_fetcher.cache_manager[0m:[36m__init__[0m:[36m38[0m - [33m[1mRedis connection failed: Error 10061 connecting to localhost:6379. 由于目标计算机积极拒绝，无法连接。.. Cache disabled.[0m
_______________ ERROR collecting tests/test_routes_workspace.py _______________
ImportError while importing test module 'C:\Users\30847\Desktop\antigravity\financial-report-analyzer\tests\test_routes_workspace.py'.
Hint: make sure your test modules/packages have valid Python names.
Traceback:
C:\ProgramData\miniconda3\Lib\importlib\__init__.py:88: in import_module
    return _bootstrap._gcd_import(name[level:], package, level)
tests\test_routes_workspace.py:2: in <module>
    from src.main import app
src\main.py:7: in <module>
    import src.api.routes_workspace as routes_workspace
E   ModuleNotFoundError: No module named 'src.api.routes_workspace'
________________ ERROR collecting tests/test_workspace_api.py _________________
ImportError while importing test module 'C:\Users\30847\Desktop\antigravity\financial-report-analyzer\tests\test_workspace_api.py'.
Hint: make sure your test modules/packages have valid Python names.
Traceback:
C:\ProgramData\miniconda3\Lib\importlib\__init__.py:88: in import_module
    return _bootstrap._gcd_import(name[level:], package, level)
tests\test_workspace_api.py:6: in <module>
    from src.main import app
src\main.py:7: in <module>
    import src.api.routes_workspace as routes_workspace
E   ModuleNotFoundError: No module named 'src.api.routes_workspace'
============================== warnings summary ===============================
src\models\financial_statements.py:28
  C:\Users\30847\Desktop\antigravity\financial-report-analyzer\src\models\financial_statements.py:28: PydanticDeprecatedSince20: Support for class-based `config` is deprecated, use ConfigDict instead. Deprecated in Pydantic V2.0 to be removed in V3.0. See Pydantic V2 Migration Guide at https://errors.pydantic.dev/2.12/migration/
    class BalanceSheet(BaseModel):

src\models\financial_statements.py:74
  C:\Users\30847\Desktop\antigravity\financial-report-analyzer\src\models\financial_statements.py:74: PydanticDeprecatedSince20: Support for class-based `config` is deprecated, use ConfigDict instead. Deprecated in Pydantic V2.0 to be removed in V3.0. See Pydantic V2 Migration Guide at https://errors.pydantic.dev/2.12/migration/
    class IncomeStatement(BaseModel):

src\models\financial_statements.py:110
  C:\Users\30847\Desktop\antigravity\financial-report-analyzer\src\models\financial_statements.py:110: PydanticDeprecatedSince20: Support for class-based `config` is deprecated, use ConfigDict instead. Deprecated in Pydantic V2.0 to be removed in V3.0. See Pydantic V2 Migration Guide at https://errors.pydantic.dev/2.12/migration/
    class CashFlowStatement(BaseModel):

src\models\financial_metrics.py:75
  C:\Users\30847\Desktop\antigravity\financial-report-analyzer\src\models\financial_metrics.py:75: PydanticDeprecatedSince20: Support for class-based `config` is deprecated, use ConfigDict instead. Deprecated in Pydantic V2.0 to be removed in V3.0. See Pydantic V2 Migration Guide at https://errors.pydantic.dev/2.12/migration/
    class DuPontResult(BaseModel):

src\models\stock_info.py:19
  C:\Users\30847\Desktop\antigravity\financial-report-analyzer\src\models\stock_info.py:19: PydanticDeprecatedSince20: Support for class-based `config` is deprecated, use ConfigDict instead. Deprecated in Pydantic V2.0 to be removed in V3.0. See Pydantic V2 Migration Guide at https://errors.pydantic.dev/2.12/migration/
    class StockInfo(BaseModel):

src\models\analysis_result.py:22
  C:\Users\30847\Desktop\antigravity\financial-report-analyzer\src\models\analysis_result.py:22: PydanticDeprecatedSince20: Support for class-based `config` is deprecated, use ConfigDict instead. Deprecated in Pydantic V2.0 to be removed in V3.0. See Pydantic V2 Migration Guide at https://errors.pydantic.dev/2.12/migration/
    class AnalysisReport(BaseModel):

src\models\analysis_result.py:61
  C:\Users\30847\Desktop\antigravity\financial-report-analyzer\src\models\analysis_result.py:61: PydanticDeprecatedSince20: Support for class-based `config` is deprecated, use ConfigDict instead. Deprecated in Pydantic V2.0 to be removed in V3.0. See Pydantic V2 Migration Guide at https://errors.pydantic.dev/2.12/migration/
    class ComparisonResult(BaseModel):

-- Docs: https://docs.pytest.org/en/stable/how-to/capture-warnings.html
=========================== short test summary info ===========================
ERROR tests/test_api.py
ERROR tests/test_routes_workspace.py
ERROR tests/test_workspace_api.py
!!!!!!!!!!!!!!!!!!! Interrupted: 3 errors during collection !!!!!!!!!!!!!!!!!!!
======================= 7 warnings, 3 errors in 11.56s ========================
